// Jest Snapshot v1, https://goo.gl/fbAQLP

exports[`Storyshots Layout Header 1`] = `
<div>
  <h2>
    ทดสอบ
  </h2>
  <hr />
  <Link
    href="/"
  >
    <a
      style={
        Object {
          "marginRight": 15,
        }
      }
    >
      Home
    </a>
  </Link>
  <Link
    href="/about"
  >
    <a
      style={
        Object {
          "marginRight": 15,
        }
      }
    >
      About
    </a>
  </Link>
</div>
`;

exports[`Storyshots Layout Index 1`] = `
<Layout>
  <h1>
    My Blog
  </h1>
  <ul>
    <PostLink
      post={
        Object {
          "id": 1,
          "name": "test",
        }
      }
    />
    <PostLink
      post={
        Object {
          "id": 2,
          "name": "test2",
        }
      }
    />
  </ul>
</Layout>
`;
