// Jest Snapshot v1, https://goo.gl/fbAQLP

exports[`Index should show correct 1`] = `
<div
  style={
    Object {
      "border": "1px solid #DDD",
      "margin": 20,
      "padding": 20,
    }
  }
>
  <div>
    <h2>
      Movie
    </h2>
    <hr />
    <a
      href="/"
      onClick={[Function]}
      style={
        Object {
          "marginRight": 15,
        }
      }
    >
      Home
    </a>
    <a
      href="/about"
      onClick={[Function]}
      style={
        Object {
          "marginRight": 15,
        }
      }
    >
      About
    </a>
  </div>
  <h1>
    My Blog
  </h1>
  <ul>
    <li
      data-jsx={1528442980}
    >
      <a
        data-jsx={1528442980}
        href="/post/1"
        onClick={[Function]}
      >
        test
      </a>
    </li>
    <li
      data-jsx={1528442980}
    >
      <a
        data-jsx={1528442980}
        href="/post/2"
        onClick={[Function]}
      >
        test2
      </a>
    </li>
  </ul>
</div>
`;

exports[`Index should show correct 2`] = `
<Layout>
  <h1>
    My Blog
  </h1>
  <ul>
    <PostLink
      post={
        Object {
          "id": 1,
          "name": "test",
        }
      }
    />
    <PostLink
      post={
        Object {
          "id": 2,
          "name": "test2",
        }
      }
    />
  </ul>
</Layout>
`;
